notif = DidChangeTextDocumentParams {
    text_document: VersionedTextDocumentIdentifier {
        uri: Uri(
            Uri {
                scheme: Some(
                    "file",
                ),
                authority: Some(
                    Authority {
                        userinfo: None,
                        host: Host {
                            text: "",
                            data: RegName(
                                "",
                            ),
                        },
                        port: None,
                    },
                ),
                path: "/Users/chenyuwang/boring-rpc/examples/rust-ts/schema.br",
                query: None,
                fragment: None,
            },
        ),
        version: 2,
    },
    content_changes: [
        TextDocumentContentChangeEvent {
            range: Some(
                Range {
                    start: Position {
                        line: 8,
                        character: 0,
                    },
                    end: Position {
                        line: 8,
                        character: 0,
                    },
                },
            ),
            range_length: Some(
                0,
            ),
            text: " ",
        },
    ],
}
